<html>
<body>
<pre>
<h1>µVision Build Log</h1>
<h2>Tool Versions:</h2>
IDE-Version: £gVision V5.24.1
Copyright (C) 2017 ARM Ltd and ARM Germany GmbH. All rights reserved.
License Information: R HY, HH, LIC=Q7GX7-EBRZJ-TLXCD-86GFL-JRC7G-MVX70
 
Tool Versions:
Toolchain:       MDK-ARM Professional  Version: 5.24.1
Toolchain Path:  C:\Keil_v5\ARM\ARMCC\Bin
C Compiler:      Armcc.exe V5.06 update 5 (build 528)
Assembler:       Armasm.exe V5.06 update 5 (build 528)
Linker/Locator:  ArmLink.exe V5.06 update 5 (build 528)
Library Manager: ArmAr.exe V5.06 update 5 (build 528)
Hex Converter:   FromElf.exe V5.06 update 5 (build 528)
CPU DLL:         SARMCM3.DLL V5.24.1
Dialog DLL:      DARMCM1.DLL V1.18.0.0
Target DLL:      STLink\ST-LINKIII-KEIL_SWO.dll V3.0.1.0
Dialog DLL:      TARMCM1.DLL V1.13.0.0
 
<h2>Project:</h2>
C:\Users\HY_user\Desktop\STM32F0xx_StdPeriph_Lib_V1.5.0\Projects\Test_Uart\MDK-ARM\Project.uvprojx
Project File Date:  07/04/2017

<h2>Output:</h2>
*** Using Compiler 'V5.06 update 5 (build 528)', folder: 'C:\Keil_v5\ARM\ARMCC\Bin'
Build target 'STM32F051'
compiling main.c...
linking...
Program Size: Code=1984 RO-data=352 RW-data=200 ZI-data=1056  
"STM32F051\STM32F051.axf" - 0 Error(s), 0 Warning(s).

<h2>Software Packages used:</h2>

Package Vendor: Keil
                http://www.keil.com/pack/Keil.STM32F0xx_DFP.1.5.0.pack
                Keil.STM32F0xx_DFP.1.5.0
                STMicroelectronics STM32F0 Series Device Support and Examples

<h2>Collection of Component include folders:</h2>
  .\RTE\_STM32F051
  C:\Keil_v5\ARM\PACK\Keil\STM32F0xx_DFP\1.5.0\Device\Include

<h2>Collection of Component Files used:</h2>
Build Time Elapsed:  00:00:01
</pre>
</body>
</html>
